// Jest Snapshot v1, https://jestjs.io/docs/snapshot-testing

exports[`JWT Claims Validation ES256KADR36 - Valid Signature / short: ES256KADR36 - Valid Signature / short 1`] = `"qzgQaT_VsnA92-ox-rSZGyEj5MFVM0MuELLV-ugGg3lt8gGWsDz0oHU2WLvACJDPElrxo0SVszBePaXxezzgvw"`;

exports[`JWT Claims Validation ES256KADR36 - Valid Signature/with scoped claims: ES256KADR36 - Valid Signature/with scoped claims 1`] = `"gm755rzde7OBsBkudJ_q0ha-fzfYwBYXCMyfPcMc2Tp8is__0HwchNFG-ia0UD83BcezUNe72fSQ5MLXpL_WDQ"`;
